=== Практична робота №4: MongoDB / Біотехнології ===
Студент: Головко Дмитро Ігорович | Група: 1КІ-24
База: biotechnology-db | Колекція: biotechnology-experiments
Команди: 1-додати документ, 2-показати всі, 3-пошук за біотехнологом, 4-видалити за культурою, 0-вихід.
Введіть команду: 1
[1] Додано документ: <ObjectId>
Введіть команду: 2
[2] У колекції документів: 1
Experiment{... biotechnologist='Головко Дмитро', plantCulture='пшениця', ...}
Введіть команду: 3
Введіть біотехнолога: Головко Дмитро
[3] Знайдено документів: 1
Experiment{... biotechnologist='Головко Дмитро', ...}
Введіть команду: 1
[1] Додано документ: <ObjectId>
Введіть команду: 4
Введіть культуру для видалення: пшениця
[4] Видалено документів: 2
Введіть команду: 0
Process finished with exit code 0
